Kotlin does not yet support 25 JDK target, falling back to Kotlin JVM_21 JVM target
Kotlin does not yet support 25 JDK target, falling back to Kotlin JVM_21 JVM target
Kotlin does not yet support 25 JDK target, falling back to Kotlin JVM_21 JVM target
Kotlin does not yet support 25 JDK target, falling back to Kotlin JVM_21 JVM target

[Incubating] Problems report is available at: file:///Users/universparty/wa-web-launcher/wa-agent-app/build/reports/problems/problems-report.html

FAILURE: Build failed with an exception.

* What went wrong:
org/gradle/api/artifacts/SelfResolvingDependency
> org.gradle.api.artifacts.SelfResolvingDependency

* Try:
> Run with --stacktrace option to get the stack trace.
> Run with --info or --debug option to get more log output.
> Run with --scan to get full insights from a Build Scan (powered by Develocity).
> Get more help at https://help.gradle.org.

Deprecated Gradle features were used in this build, making it incompatible with Gradle 10.

You can use '--warning-mode all' to show the individual deprecation warnings and determine if they come from your own scripts or plugins.

For more on this, please refer to https://docs.gradle.org/9.4.0/userguide/command_line_interface.html#sec:command_line_warnings in the Gradle documentation.

BUILD FAILED in 640ms
